// Jest Snapshot v1, https://goo.gl/fbAQLP

exports[`matches snapshot 1`] = `
<div
  className="button-container"
  data-testid="button"
>
  Hi 
  click me please
</div>
`;
